// Jest Snapshot v1, https://goo.gl/fbAQLP

exports[`SummaryView Component should render correctly 1`] = `
ShallowWrapper {
  "length": 1,
  Symbol(enzyme.__root__): [Circular],
  Symbol(enzyme.__unrendered__): <SummaryView />,
  Symbol(enzyme.__renderer__): Object {
    "batchedUpdates": [Function],
    "getNode": [Function],
    "render": [Function],
    "simulateEvent": [Function],
    "unmount": [Function],
  },
  Symbol(enzyme.__node__): Object {
    "instance": null,
    "key": undefined,
    "nodeType": "host",
    "props": Object {
      "children": Array [
        <div
          className="banner"
        >
          <Banner
            banner={Array []}
          />
        </div>,
        <div
          className="main"
        >
          <div
            className="about"
          >
            <About
              description=""
              name=""
              photo={Array []}
            />
          </div>
        </div>,
        <div
          className="sidebar"
        >
          <div>
            <SideBar
              hours=""
              phone=""
              price=""
              style=""
            />
          </div>
        </div>,
      ],
      "className": "grid",
    },
    "ref": null,
    "rendered": Array [
      Object {
        "instance": null,
        "key": undefined,
        "nodeType": "host",
        "props": Object {
          "children": <Banner
            banner={Array []}
          />,
          "className": "banner",
        },
        "ref": null,
        "rendered": Object {
          "instance": null,
          "key": undefined,
          "nodeType": "function",
          "props": Object {
            "banner": Array [],
          },
          "ref": null,
          "rendered": null,
          "type": [Function],
        },
        "type": "div",
      },
      Object {
        "instance": null,
        "key": undefined,
        "nodeType": "host",
        "props": Object {
          "children": <div
            className="about"
          >
            <About
              description=""
              name=""
              photo={Array []}
            />
          </div>,
          "className": "main",
        },
        "ref": null,
        "rendered": Object {
          "instance": null,
          "key": undefined,
          "nodeType": "host",
          "props": Object {
            "children": <About
              description=""
              name=""
              photo={Array []}
            />,
            "className": "about",
          },
          "ref": null,
          "rendered": Object {
            "instance": null,
            "key": undefined,
            "nodeType": "function",
            "props": Object {
              "description": "",
              "name": "",
              "photo": Array [],
            },
            "ref": null,
            "rendered": null,
            "type": [Function],
          },
          "type": "div",
        },
        "type": "div",
      },
      Object {
        "instance": null,
        "key": undefined,
        "nodeType": "host",
        "props": Object {
          "children": <div>
            <SideBar
              hours=""
              phone=""
              price=""
              style=""
            />
          </div>,
          "className": "sidebar",
        },
        "ref": null,
        "rendered": Object {
          "instance": null,
          "key": undefined,
          "nodeType": "host",
          "props": Object {
            "children": <SideBar
              hours=""
              phone=""
              price=""
              style=""
            />,
          },
          "ref": null,
          "rendered": Object {
            "instance": null,
            "key": undefined,
            "nodeType": "function",
            "props": Object {
              "hours": "",
              "phone": "",
              "price": "",
              "style": "",
            },
            "ref": null,
            "rendered": null,
            "type": [Function],
          },
          "type": "div",
        },
        "type": "div",
      },
    ],
    "type": "div",
  },
  Symbol(enzyme.__nodes__): Array [
    Object {
      "instance": null,
      "key": undefined,
      "nodeType": "host",
      "props": Object {
        "children": Array [
          <div
            className="banner"
          >
            <Banner
              banner={Array []}
            />
          </div>,
          <div
            className="main"
          >
            <div
              className="about"
            >
              <About
                description=""
                name=""
                photo={Array []}
              />
            </div>
          </div>,
          <div
            className="sidebar"
          >
            <div>
              <SideBar
                hours=""
                phone=""
                price=""
                style=""
              />
            </div>
          </div>,
        ],
        "className": "grid",
      },
      "ref": null,
      "rendered": Array [
        Object {
          "instance": null,
          "key": undefined,
          "nodeType": "host",
          "props": Object {
            "children": <Banner
              banner={Array []}
            />,
            "className": "banner",
          },
          "ref": null,
          "rendered": Object {
            "instance": null,
            "key": undefined,
            "nodeType": "function",
            "props": Object {
              "banner": Array [],
            },
            "ref": null,
            "rendered": null,
            "type": [Function],
          },
          "type": "div",
        },
        Object {
          "instance": null,
          "key": undefined,
          "nodeType": "host",
          "props": Object {
            "children": <div
              className="about"
            >
              <About
                description=""
                name=""
                photo={Array []}
              />
            </div>,
            "className": "main",
          },
          "ref": null,
          "rendered": Object {
            "instance": null,
            "key": undefined,
            "nodeType": "host",
            "props": Object {
              "children": <About
                description=""
                name=""
                photo={Array []}
              />,
              "className": "about",
            },
            "ref": null,
            "rendered": Object {
              "instance": null,
              "key": undefined,
              "nodeType": "function",
              "props": Object {
                "description": "",
                "name": "",
                "photo": Array [],
              },
              "ref": null,
              "rendered": null,
              "type": [Function],
            },
            "type": "div",
          },
          "type": "div",
        },
        Object {
          "instance": null,
          "key": undefined,
          "nodeType": "host",
          "props": Object {
            "children": <div>
              <SideBar
                hours=""
                phone=""
                price=""
                style=""
              />
            </div>,
            "className": "sidebar",
          },
          "ref": null,
          "rendered": Object {
            "instance": null,
            "key": undefined,
            "nodeType": "host",
            "props": Object {
              "children": <SideBar
                hours=""
                phone=""
                price=""
                style=""
              />,
            },
            "ref": null,
            "rendered": Object {
              "instance": null,
              "key": undefined,
              "nodeType": "function",
              "props": Object {
                "hours": "",
                "phone": "",
                "price": "",
                "style": "",
              },
              "ref": null,
              "rendered": null,
              "type": [Function],
            },
            "type": "div",
          },
          "type": "div",
        },
      ],
      "type": "div",
    },
  ],
  Symbol(enzyme.__options__): Object {
    "adapter": ReactSixteenAdapter {
      "options": Object {
        "enableComponentDidUpdateOnSetState": true,
      },
    },
  },
}
`;
